[    0.000000] Linux version 4.15.0-166-generic (buildd@lgw01-amd64-012) (gcc version 7.5.0 (Ubuntu 7.5.0-3ubuntu1~18.04)) #174-Ubuntu SMP Wed Dec 8 19:07:44 UTC 2021 (Ubuntu 4.15.0-166.174-generic 4.15.18)
[    0.000000] Command line: BOOT_IMAGE=/boot/vmlinuz-4.15.0-166-generic root=LABEL=cloudimg-rootfs ro console=tty1 console=ttyS0
[    0.000000] KERNEL supported cpus:
[    0.000000]   Intel GenuineIntel
[    0.000000]   AMD AuthenticAMD
[    0.000000]   Centaur CentaurHauls
[    0.000000] x86/fpu: Supporting XSAVE feature 0x001: 'x87 floating point registers'
[    0.000000] x86/fpu: Supporting XSAVE feature 0x002: 'SSE registers'
[    0.000000] x86/fpu: Supporting XSAVE feature 0x004: 'AVX registers'
[    0.000000] x86/fpu: xstate_offset[2]:  576, xstate_sizes[2]:  256
[    0.000000] x86/fpu: Enabled xstate features 0x7, context size is 832 bytes, using 'standard' format.
[    0.000000] e820: BIOS-provided physical RAM map:
[    0.000000] BIOS-e820: [mem 0x0000000000000000-0x000000000009fbff] usable
[    0.000000] BIOS-e820: [mem 0x000000000009fc00-0x000000000009ffff] reserved
[    0.000000] BIOS-e820: [mem 0x00000000000f0000-0x00000000000fffff] reserved
[    0.000000] BIOS-e820: [mem 0x0000000000100000-0x000000003ffeffff] usable
[    0.000000] BIOS-e820: [mem 0x000000003fff0000-0x000000003fffffff] ACPI data
[    0.000000] BIOS-e820: [mem 0x00000000fec00000-0x00000000fec00fff] reserved
[    0.000000] BIOS-e820: [mem 0x00000000fee00000-0x00000000fee00fff] reserved
[    0.000000] BIOS-e820: [mem 0x00000000fffc0000-0x00000000ffffffff] reserved
[    0.000000] NX (Execute Disable) protection: active
[    0.000000] SMBIOS 2.5 present.
[    0.000000] DMI: innotek GmbH VirtualBox/VirtualBox, BIOS VirtualBox 12/01/2006
[    0.000000] Hypervisor detected: KVM
[    0.000000] e820: last_pfn = 0x3fff0 max_arch_pfn = 0x400000000
[    0.000000] MTRR: Disabled
[    0.000000] x86/PAT: MTRRs disabled, skipping PAT initialization too.
[    0.000000] CPU MTRRs all blank - virtualized system.
[    0.000000] x86/PAT: Configuration [0-7]: WB  WT  UC- UC  WB  WT  UC- UC  
[    0.000000] found SMP MP-table at [mem 0x0009fff0-0x0009ffff]
[    0.000000] Scanning 1 areas for low memory corruption
[    0.000000] RAMDISK: [mem 0x359c7000-0x36cdafff]
[    0.000000] ACPI: Early table checksum verification disabled
[    0.000000] ACPI: RSDP 0x00000000000E0000 000024 (v02 VBOX  )
[    0.000000] ACPI: XSDT 0x000000003FFF0030 00003C (v01 VBOX   VBOXXSDT 00000001 ASL  00000061)
[    0.000000] ACPI: FACP 0x000000003FFF00F0 0000F4 (v04 VBOX   VBOXFACP 00000001 ASL  00000061)
[    0.000000] ACPI: DSDT 0x000000003FFF0470 002325 (v02 VBOX   VBOXBIOS 00000002 INTL 20200925)
[    0.000000] ACPI: FACS 0x000000003FFF0200 000040
[    0.000000] ACPI: FACS 0x000000003FFF0200 000040
[    0.000000] ACPI: APIC 0x000000003FFF0240 00005C (v02 VBOX   VBOXAPIC 00000001 ASL  00000061)
[    0.000000] ACPI: SSDT 0x000000003FFF02A0 0001CC (v01 VBOX   VBOXCPUT 00000002 INTL 20200925)
[    0.000000] ACPI: Reserving FACP table memory at [mem 0x3fff00f0-0x3fff01e3]
[    0.000000] ACPI: Reserving DSDT table memory at [mem 0x3fff0470-0x3fff2794]
[    0.000000] ACPI: Reserving FACS table memory at [mem 0x3fff0200-0x3fff023f]
[    0.000000] ACPI: Reserving FACS table memory at [mem 0x3fff0200-0x3fff023f]
[    0.000000] ACPI: Reserving APIC table memory at [mem 0x3fff0240-0x3fff029b]
[    0.000000] ACPI: Reserving SSDT table memory at [mem 0x3fff02a0-0x3fff046b]
[    0.000000] No NUMA configuration found
[    0.000000] Faking a node at [mem 0x0000000000000000-0x000000003ffeffff]
[    0.000000] NODE_DATA(0) allocated [mem 0x3ffc5000-0x3ffeffff]
[    0.000000] kvm-clock: cpu 0, msr 0:3ff44001, primary cpu clock
[    0.000000] kvm-clock: Using msrs 4b564d01 and 4b564d00
[    0.000000] kvm-clock: using sched offset of 3026721568 cycles
[    0.000000] clocksource: kvm-clock: mask: 0xffffffffffffffff max_cycles: 0x1cd42e4dffb, max_idle_ns: 881590591483 ns
[    0.000000] Zone ranges:
[    0.000000]   DMA      [mem 0x0000000000001000-0x0000000000ffffff]
[    0.000000]   DMA32    [mem 0x0000000001000000-0x000000003ffeffff]
[    0.000000]   Normal   empty
[    0.000000]   Device   empty
[    0.000000] Movable zone start for each node
[    0.000000] Early memory node ranges
[    0.000000]   node   0: [mem 0x0000000000001000-0x000000000009efff]
[    0.000000]   node   0: [mem 0x0000000000100000-0x000000003ffeffff]
[    0.000000] Reserved but unavailable: 104 pages
[    0.000000] Initmem setup node 0 [mem 0x0000000000001000-0x000000003ffeffff]
[    0.000000] ACPI: PM-Timer IO Port: 0x4008
[    0.000000] IOAPIC[0]: apic_id 2, version 32, address 0xfec00000, GSI 0-23
[    0.000000] ACPI: INT_SRC_OVR (bus 0 bus_irq 0 global_irq 2 dfl dfl)
[    0.000000] ACPI: INT_SRC_OVR (bus 0 bus_irq 9 global_irq 9 low level)
[    0.000000] Using ACPI (MADT) for SMP configuration information
[    0.000000] smpboot: Allowing 2 CPUs, 0 hotplug CPUs
[    0.000000] PM: Registered nosave memory: [mem 0x00000000-0x00000fff]
[    0.000000] PM: Registered nosave memory: [mem 0x0009f000-0x0009ffff]
[    0.000000] PM: Registered nosave memory: [mem 0x000a0000-0x000effff]
[    0.000000] PM: Registered nosave memory: [mem 0x000f0000-0x000fffff]
[    0.000000] e820: [mem 0x40000000-0xfebfffff] available for PCI devices
[    0.000000] Booting paravirtualized kernel on KVM
[    0.000000] clocksource: refined-jiffies: mask: 0xffffffff max_cycles: 0xffffffff, max_idle_ns: 7645519600211568 ns
[    0.000000] random: get_random_bytes called from start_kernel+0x99/0x500 with crng_init=0
[    0.000000] setup_percpu: NR_CPUS:8192 nr_cpumask_bits:2 nr_cpu_ids:2 nr_node_ids:1
[    0.000000] percpu: Embedded 45 pages/cpu s147456 r8192 d28672 u1048576
[    0.000000] PV qspinlock hash table entries: 256 (order: 0, 4096 bytes)
[    0.000000] Built 1 zonelists, mobility grouping on.  Total pages: 257913
[    0.000000] Policy zone: DMA32
[    0.000000] Kernel command line: BOOT_IMAGE=/boot/vmlinuz-4.15.0-166-generic root=LABEL=cloudimg-rootfs ro console=tty1 console=ttyS0
[    0.000000] Memory: 982700K/1048120K available (12300K kernel code, 2483K rwdata, 4320K rodata, 2448K init, 2724K bss, 65420K reserved, 0K cma-reserved)
[    0.000000] SLUB: HWalign=64, Order=0-3, MinObjects=0, CPUs=2, Nodes=1
[    0.000000] Kernel/User page tables isolation: enabled
[    0.000000] ftrace: allocating 39491 entries in 155 pages
[    0.004000] Hierarchical RCU implementation.
[    0.004000] 	RCU restricting CPUs from NR_CPUS=8192 to nr_cpu_ids=2.
[    0.004000] 	Tasks RCU enabled.
[    0.004000] RCU: Adjusting geometry for rcu_fanout_leaf=16, nr_cpu_ids=2
[    0.004000] NR_IRQS: 524544, nr_irqs: 440, preallocated irqs: 16
[    0.004000] Console: colour VGA+ 80x25
[    0.004000] console [tty1] enabled
[    0.004000] console [ttyS0] enabled
[    0.004000] ACPI: Core revision 20170831
[    0.004000] ACPI: 2 ACPI AML tables successfully acquired and loaded
[    0.004000] APIC: Switch to symmetric I/O mode setup
[    0.004000] x2apic enabled
[    0.004000] Switched APIC routing to physical x2apic.
[    0.004000] ..TIMER: vector=0x30 apic1=0 pin1=2 apic2=-1 pin2=-1
[    0.004000] tsc: Detected 1689.550 MHz processor
[    0.004000] Calibrating delay loop (skipped) preset value.. 3379.10 BogoMIPS (lpj=6758200)
[    0.004005] pid_max: default: 32768 minimum: 301
[    0.004537] Security Framework initialized
[    0.004999] Yama: becoming mindful.
[    0.005431] AppArmor: AppArmor initialized
[    0.006043] Dentry cache hash table entries: 131072 (order: 8, 1048576 bytes)
[    0.006890] Inode-cache hash table entries: 65536 (order: 7, 524288 bytes)
[    0.007651] Mount-cache hash table entries: 2048 (order: 2, 16384 bytes)
[    0.008004] Mountpoint-cache hash table entries: 2048 (order: 2, 16384 bytes)
[    0.008994] Last level iTLB entries: 4KB 0, 2MB 0, 4MB 0
[    0.009595] Last level dTLB entries: 4KB 0, 2MB 0, 4MB 0, 1GB 0
[    0.010254] Spectre V1 : Mitigation: usercopy/swapgs barriers and __user pointer sanitization
[    0.011210] Spectre V2 : Mitigation: Full generic retpoline
[    0.012001] Spectre V2 : Spectre v2 / SpectreRSB mitigation: Filling RSB on context switch
[    0.012934] Speculative Store Bypass: Vulnerable
[    0.013512] MDS: Mitigation: Clear CPU buffers
[    0.014198] Freeing SMP alternatives memory: 36K
[    0.121394] smpboot: CPU0: 11th Gen Intel(R) Core(TM) i7-1165G7 @ 2.80GHz (family: 0x6, model: 0x8c, stepping: 0x1)
[    0.122858] Performance Events: unsupported p6 CPU model 140 no PMU driver, software events only.
[    0.123783] Hierarchical SRCU implementation.
[    0.124000] NMI watchdog: Perf event create on CPU 0 failed with -2
[    0.124001] NMI watchdog: Perf NMI watchdog permanently disabled
[    0.124639] smp: Bringing up secondary CPUs ...
[    0.125169] x86: Booting SMP configuration:
[    0.125612] .... node  #0, CPUs:      #1
[    0.004000] kvm-clock: cpu 1, msr 0:3ff44041, secondary cpu clock
[    0.128017] smp: Brought up 1 node, 2 CPUs
[    0.128462] smpboot: Max logical packages: 1
[    0.128913] smpboot: Total of 2 processors activated (6758.20 BogoMIPS)
[    0.129680] devtmpfs: initialized
[    0.129680] x86/mm: Memory block size: 128MB
[    0.129680] evm: security.selinux
[    0.129680] evm: security.SMACK64
[    0.132003] evm: security.SMACK64EXEC
[    0.132410] evm: security.SMACK64TRANSMUTE
[    0.132868] evm: security.SMACK64MMAP
[    0.133307] evm: security.apparmor
[    0.133726] evm: security.ima
[    0.134093] evm: security.capability
[    0.134543] clocksource: jiffies: mask: 0xffffffff max_cycles: 0xffffffff, max_idle_ns: 7645041785100000 ns
[    0.134543] futex hash table entries: 512 (order: 3, 32768 bytes)
[    0.136031] pinctrl core: initialized pinctrl subsystem
[    0.137324] RTC time: 23:02:35, date: 01/26/22
[    0.137960] NET: Registered protocol family 16
[    0.138532] audit: initializing netlink subsys (disabled)
[    0.139167] audit: type=2000 audit(1643238160.070:1): state=initialized audit_enabled=0 res=1
[    0.140028] cpuidle: using governor ladder
[    0.140496] cpuidle: using governor menu
[    0.140984] ACPI: bus type PCI registered
[    0.141461] acpiphp: ACPI Hot Plug PCI Controller Driver version: 0.5
[    0.142234] PCI: Using configuration type 1 for base access
[    0.144316] HugeTLB registered 2.00 MiB page size, pre-allocated 0 pages
[    0.144812] ACPI: Added _OSI(Module Device)
[    0.144812] ACPI: Added _OSI(Processor Device)
[    0.145059] ACPI: Added _OSI(3.0 _SCP Extensions)
[    0.145602] ACPI: Added _OSI(Processor Aggregator Device)
[    0.146218] ACPI: Added _OSI(Linux-Dell-Video)
[    0.148002] ACPI: Added _OSI(Linux-Lenovo-NV-HDMI-Audio)
[    0.148615] ACPI: Added _OSI(Linux-HPI-Hybrid-Graphics)
[    0.149387] ACPI: Executed 1 blocks of module-level executable AML code
[    0.152259] ACPI: Interpreter enabled
[    0.152736] ACPI: (supports S0 S5)
[    0.153159] ACPI: Using IOAPIC for interrupt routing
[    0.153894] PCI: Using host bridge windows from ACPI; if necessary, use "pci=nocrs" and report a bug
[    0.156000] ACPI: Enabled 2 GPEs in block 00 to 07
[    0.161667] ACPI: PCI Root Bridge [PCI0] (domain 0000 [bus 00-ff])
[    0.162357] acpi PNP0A03:00: _OSC: OS supports [ASPM ClockPM Segments MSI]
[    0.163389] acpi PNP0A03:00: _OSC: not requesting OS control; OS requires [ExtendedConfig ASPM ClockPM MSI]
[    0.164009] acpi PNP0A03:00: fail to add MMCONFIG information, can't access extended PCI configuration space under this bridge.
[    0.165622] PCI host bridge to bus 0000:00
[    0.166143] pci_bus 0000:00: root bus resource [io  0x0000-0x0cf7 window]
[    0.166952] pci_bus 0000:00: root bus resource [io  0x0d00-0xffff window]
[    0.168002] pci_bus 0000:00: root bus resource [mem 0x000a0000-0x000bffff window]
[    0.168943] pci_bus 0000:00: root bus resource [mem 0x40000000-0xfdffffff window]
[    0.170348] pci_bus 0000:00: root bus resource [bus 00-ff]
[    0.172290] pci 0000:00:01.1: legacy IDE quirk: reg 0x10: [io  0x01f0-0x01f7]
[    0.173193] pci 0000:00:01.1: legacy IDE quirk: reg 0x14: [io  0x03f6]
[    0.174012] pci 0000:00:01.1: legacy IDE quirk: reg 0x18: [io  0x0170-0x0177]
[    0.174912] pci 0000:00:01.1: legacy IDE quirk: reg 0x1c: [io  0x0376]
[    0.183015] pci 0000:00:07.0: quirk: [io  0x4000-0x403f] claimed by PIIX4 ACPI
[    0.184012] pci 0000:00:07.0: quirk: [io  0x4100-0x410f] claimed by PIIX4 SMB
[    0.189239] ACPI: PCI Interrupt Link [LNKA] (IRQs 5 9 10 *11)
[    0.190222] ACPI: PCI Interrupt Link [LNKB] (IRQs 5 9 *10 11)
[    0.190971] ACPI: PCI Interrupt Link [LNKC] (IRQs 5 *9 10 11)
[    0.191695] ACPI: PCI Interrupt Link [LNKD] (IRQs 5 9 10 *11)
[    0.192309] SCSI subsystem initialized
[    0.192822] pci 0000:00:02.0: vgaarb: setting as boot VGA device
[    0.192822] pci 0000:00:02.0: vgaarb: VGA device added: decodes=io+mem,owns=io+mem,locks=none
[    0.193687] pci 0000:00:02.0: vgaarb: bridge control possible
[    0.194346] vgaarb: loaded
[    0.194707] ACPI: bus type USB registered
[    0.196019] usbcore: registered new interface driver usbfs
[    0.196663] usbcore: registered new interface driver hub
[    0.197282] usbcore: registered new device driver usb
[    0.197874] EDAC MC: Ver: 3.0.0
[    0.197874] PCI: Using ACPI for IRQ routing
[    0.197874] NetLabel: Initializing
[    0.197874] NetLabel:  domain hash size = 128
[    0.200007] NetLabel:  protocols = UNLABELED CIPSOv4 CALIPSO
[    0.200617] NetLabel:  unlabeled traffic allowed by default
[    0.201215] clocksource: Switched to clocksource kvm-clock
[    0.209011] VFS: Disk quotas dquot_6.6.0
[    0.209515] VFS: Dquot-cache hash table entries: 512 (order 0, 4096 bytes)
[    0.210312] AppArmor: AppArmor Filesystem Enabled
[    0.210851] pnp: PnP ACPI init
[    0.211815] pnp: PnP ACPI: found 3 devices
[    0.218885] clocksource: acpi_pm: mask: 0xffffff max_cycles: 0xffffff, max_idle_ns: 2085701024 ns
[    0.219880] NET: Registered protocol family 2
[    0.220395] IP idents hash table entries: 16384 (order: 5, 131072 bytes)
[    0.221774] TCP established hash table entries: 8192 (order: 4, 65536 bytes)
[    0.222523] TCP bind hash table entries: 8192 (order: 5, 131072 bytes)
[    0.223192] TCP: Hash tables configured (established 8192 bind 8192)
[    0.223851] UDP hash table entries: 512 (order: 2, 16384 bytes)
[    0.224484] UDP-Lite hash table entries: 512 (order: 2, 16384 bytes)
[    0.225149] NET: Registered protocol family 1
[    0.225622] pci 0000:00:00.0: Limiting direct PCI/PCI transfers
[    0.226245] pci 0000:00:01.0: Activating ISA DMA hang workarounds
[    0.226899] pci 0000:00:02.0: Video device with shadowed ROM at [mem 0x000c0000-0x000dffff]
[    0.227822] Unpacking initramfs...
[    0.438706] Freeing initrd memory: 19536K
[    0.439329] clocksource: tsc: mask: 0xffffffffffffffff max_cycles: 0x185a9773a0d, max_idle_ns: 440795203025 ns
[    0.440407] platform rtc_cmos: registered platform RTC device (no PNP device found)
[    0.441221] Scanning for low memory corruption every 60 seconds
[    0.442229] Initialise system trusted keyrings
[    0.442697] Key type blacklist registered
[    0.443163] workingset: timestamp_bits=36 max_order=18 bucket_order=0
[    0.444384] zbud: loaded
[    0.445071] squashfs: version 4.0 (2009/01/31) Phillip Lougher
[    0.445766] fuse init (API version 7.26)
[    0.447350] Key type asymmetric registered
[    0.447778] Asymmetric key parser 'x509' registered
[    0.448297] Block layer SCSI generic (bsg) driver version 0.4 loaded (major 246)
[    0.449054] io scheduler noop registered
[    0.449470] io scheduler deadline registered
[    0.449933] io scheduler cfq registered (default)
[    0.450614] ACPI: AC Adapter [AC] (on-line)
[    0.451083] input: Power Button as /devices/LNXSYSTM:00/LNXPWRBN:00/input/input0
[    0.451873] ACPI: Power Button [PWRF]
[    0.452331] input: Sleep Button as /devices/LNXSYSTM:00/LNXSLPBN:00/input/input1
[    0.453106] ACPI: Sleep Button [SLPF]
[    0.454094] ACPI: Battery Slot [BAT0] (battery present)
[    0.454763] Serial: 8250/16550 driver, 32 ports, IRQ sharing enabled
[    0.475814] 00:02: ttyS0 at I/O 0x3f8 (irq = 4, base_baud = 115200) is a 16550A
[    0.477926] Linux agpgart interface v0.103
[    0.479286] loop: module loaded
[    0.480023] scsi host0: ata_piix
[    0.480470] scsi host1: ata_piix
[    0.480838] ata1: PATA max UDMA/33 cmd 0x1f0 ctl 0x3f6 bmdma 0xd000 irq 14
[    0.481530] ata2: PATA max UDMA/33 cmd 0x170 ctl 0x376 bmdma 0xd008 irq 15
[    0.482278] libphy: Fixed MDIO Bus: probed
[    0.482723] tun: Universal TUN/TAP device driver, 1.6
[    0.483283] PPP generic driver version 2.4.2
[    0.483780] ehci_hcd: USB 2.0 'Enhanced' Host Controller (EHCI) Driver
[    0.484455] ehci-pci: EHCI PCI platform driver
[    0.484934] ehci-platform: EHCI generic platform driver
[    0.485475] ohci_hcd: USB 1.1 'Open' Host Controller (OHCI) Driver
[    0.486098] ohci-pci: OHCI PCI platform driver
[    0.486569] ohci-platform: OHCI generic platform driver
[    0.487109] uhci_hcd: USB Universal Host Controller Interface driver
[    0.487777] i8042: PNP: PS/2 Controller [PNP0303:PS2K,PNP0f03:PS2M] at 0x60,0x64 irq 1,12
[    0.490320] serio: i8042 KBD port at 0x60,0x64 irq 1
[    0.491573] serio: i8042 AUX port at 0x60,0x64 irq 12
[    0.492353] mousedev: PS/2 mouse device common for all mice
[    0.493253] input: AT Translated Set 2 keyboard as /devices/platform/i8042/serio0/input/input2
[    0.494243] rtc_cmos rtc_cmos: rtc core: registered rtc_cmos as rtc0
[    0.494919] rtc_cmos rtc_cmos: alarms up to one day, 114 bytes nvram
[    0.495555] i2c /dev entries driver
[    0.495991] device-mapper: uevent: version 1.0.3
[    0.496548] device-mapper: ioctl: 4.37.0-ioctl (2017-09-20) initialised: dm-devel@redhat.com
[    0.497426] ledtrig-cpu: registered to indicate activity on CPUs
[    0.498244] NET: Registered protocol family 10
[    0.501099] Segment Routing with IPv6
[    0.501505] NET: Registered protocol family 17
[    0.501988] Key type dns_resolver registered
[    0.502525] mce: Using 0 MCE banks
[    0.502893] RAS: Correctable Errors collector initialized.
[    0.503442] sched_clock: Marking stable (502509257, 0)->(604024336, -101515079)
[    0.504422] registered taskstats version 1
[    0.504853] Loading compiled-in X.509 certificates
[    0.506712] Loaded X.509 cert 'Build time autogenerated kernel key: 408b96eb428cbe545a63e9a677d083d5c6df802b'
[    0.508109] Loaded X.509 cert 'Canonical Ltd. Live Patch Signing: 14df34d1a87cf37625abec039ef2bf521249b969'
[    0.509442] Loaded X.509 cert 'Canonical Ltd. Kernel Module Signing: 88f752e560a1e0737e31163a466ad7b70a850c19'
[    0.510413] blacklist: Loading compiled-in revocation X.509 certificates
[    0.511089] Loaded X.509 cert 'Canonical Ltd. Secure Boot Signing: 61482aa2830d0ab2ad5af10b7250da9033ddcef0'
[    0.512057] zswap: loaded using pool lzo/zbud
[    0.514563] Key type big_key registered
[    0.514972] Key type trusted registered
[    0.516440] Key type encrypted registered
[    0.516865] AppArmor: AppArmor sha1 policy hashing enabled
[    0.517412] ima: No TPM chip found, activating TPM-bypass! (rc=-19)
[    0.518027] ima: Allocated hash algorithm: sha1
[    0.518498] evm: HMAC attrs: 0x1
[    0.518980]   Magic number: 6:326:50
[    0.519373] platform platform-framebuffer.0: hash matches
[    0.519966] rtc_cmos rtc_cmos: setting system clock to 2022-01-26 23:02:35 UTC (1643238155)
[    0.520876] BIOS EDD facility v0.16 2004-Jun-25, 0 devices found
[    0.521465] EDD information not available.
[    0.663351] Freeing unused kernel image memory: 2448K
[    0.841716] Write protecting the kernel read-only data: 20480k
[    0.842821] Freeing unused kernel image memory: 2008K
[    0.843586] Freeing unused kernel image memory: 1824K
[    0.847614] x86/mm: Checked W+X mappings: passed, no W+X pages found.
[    0.848285] x86/mm: Checking user space page tables
[    0.851950] x86/mm: Checked W+X mappings: passed, no W+X pages found.
Loading, please wait...
starting version 237
[    0.890991] e1000: Intel(R) PRO/1000 Network Driver - version 7.3.21-k8-NAPI
[    0.891894] e1000: Copyright (c) 1999-2006 Intel Corporation.
[    0.896590] Fusion MPT base driver 3.04.20
[    0.897133] Copyright (c) 1999-2008 LSI Corporation
[    0.903441] Fusion MPT SPI Host driver 3.04.20
[    0.908856] AVX2 version of gcm_enc/dec engaged.
[    0.909452] AES CTR mode by8 optimization enabled
[    1.126764] input: ImExPS/2 Generic Explorer Mouse as /devices/platform/i8042/serio1/input/input4
[    1.498901] e1000 0000:00:03.0 eth0: (PCI:33MHz:32-bit) 02:8d:1f:db:13:bf
[    1.499769] e1000 0000:00:03.0 eth0: Intel(R) PRO/1000 Network Connection
[    2.803413] e1000 0000:00:08.0 eth1: (PCI:33MHz:32-bit) 08:00:27:af:38:4e
[    2.804389] e1000 0000:00:08.0 eth1: Intel(R) PRO/1000 Network Connection
[    2.805916] e1000 0000:00:08.0 enp0s8: renamed from eth1
[    2.808088] mptbase: ioc0: Initiating bringup
[    2.841092] e1000 0000:00:03.0 enp0s3: renamed from eth0
[    2.912172] ioc0: LSI53C1030 A0: Capabilities={Initiator}
[    3.154300] scsi host2: ioc0: LSI53C1030 A0, FwRev=00000000h, Ports=1, MaxQ=256, IRQ=20
[    3.324881] scsi 2:0:0:0: Direct-Access     VBOX     HARDDISK         1.0  PQ: 0 ANSI: 5
[    3.461455] scsi target2:0:0: Beginning Domain Validation
[    3.462793] scsi target2:0:0: Domain Validation skipping write tests
[    3.463788] scsi target2:0:0: Ending Domain Validation
[    3.464351] scsi target2:0:0: asynchronous
[    3.464944] scsi 2:0:1:0: Direct-Access     VBOX     HARDDISK         1.0  PQ: 0 ANSI: 5
[    4.055637] scsi target2:0:1: Beginning Domain Validation
[    4.056692] scsi target2:0:1: Domain Validation skipping write tests
[    4.057346] scsi target2:0:1: Ending Domain Validation
[    4.058308] random: fast init done
[    4.058685] scsi target2:0:1: asynchronous
[    4.060887] random: systemd-udevd: uninitialized urandom read (16 bytes read)
[    4.060901] sd 2:0:0:0: Attached scsi generic sg0 type 0
[    4.061765] random: systemd-udevd: uninitialized urandom read (16 bytes read)
[    4.063128] random: systemd-udevd: uninitialized urandom read (16 bytes read)
[    4.063990] sd 2:0:1:0: Attached scsi generic sg1 type 0
[    4.064730] sd 2:0:0:0: [sda] 83886080 512-byte logical blocks: (42.9 GB/40.0 GiB)
[    4.065692] sd 2:0:0:0: [sda] Write Protect is off
[    4.066319] sd 2:0:1:0: [sdb] 20480 512-byte logical blocks: (10.5 MB/10.0 MiB)
[    4.067231] sd 2:0:1:0: [sdb] Write Protect is off
[    4.067810] sd 2:0:0:0: [sda] Incomplete mode parameter data
[    4.068504] sd 2:0:0:0: [sda] Assuming drive cache: write through
[    4.068610] sd 2:0:1:0: [sdb] Incomplete mode parameter data
[    4.069979] sd 2:0:1:0: [sdb] Assuming drive cache: write through
[    4.073983]  sda: sda1
[    4.074689] sd 2:0:1:0: [sdb] Attached SCSI disk
[    4.076449] sd 2:0:0:0: [sda] Attached SCSI disk
Begin: Loading essential drivers ... [    5.391836] raid6: sse2x1   gen() 17962 MB/s
[    5.451943] raid6: sse2x1   xor() 12599 MB/s
[    5.503658] raid6: sse2x2   gen() 22134 MB/s
[    5.563583] raid6: sse2x2   xor() 17152 MB/s
[    5.615575] raid6: sse2x4   gen() 23201 MB/s
[    5.691678] raid6: sse2x4   xor() 16415 MB/s
[    5.743866] raid6: avx2x1   gen() 32787 MB/s
[    5.793110] raid6: avx2x1   xor() 15567 MB/s
[    5.843995] raid6: avx2x2   gen() 40244 MB/s
[    5.899819] raid6: avx2x2   xor() 29500 MB/s
[    5.955716] raid6: avx2x4   gen() 43475 MB/s
[    6.004044] raid6: avx2x4   xor() 22859 MB/s
[    6.004664] raid6: using algorithm avx2x4 gen() 43475 MB/s
[    6.005244] raid6: .... xor() 22859 MB/s, rmw enabled
[    6.005785] raid6: using avx2x2 recovery algorithm
[    6.007061] xor: automatically using best checksumming function   avx       
[    6.008535] async_tx: api initialized (async)
done.
Begin: Running /scripts/init-premount ... done.
Begin: Mounting root file system ... Begin: Running /scripts/local-top ... done.
Begin: Running /scripts/local-premount ... [    6.039008] Btrfs loaded, crc32c=crc32c-intel
Scanning for Btrfs filesystems
done.
Warning: fsck not present, so skipping root file system
[    6.058786] EXT4-fs (sda1): mounted filesystem with ordered data mode. Opts: (null)
done.
Begin: Running /scripts/local-bottom ... done.
Begin: Running /scripts/init-bottom ... done.
[    6.165704] ip_tables: (C) 2000-2006 Netfilter Core Team
[    6.171501] systemd[1]: systemd 237 running in system mode. (+PAM +AUDIT +SELINUX +IMA +APPARMOR +SMACK +SYSVINIT +UTMP +LIBCRYPTSETUP +GCRYPT +GNUTLS +ACL +XZ +LZ4 +SECCOMP +BLKID +ELFUTILS +KMOD -IDN2 +IDN -PCRE2 default-hierarchy=hybrid)
[    6.173925] systemd[1]: Detected virtualization oracle.
[    6.174556] systemd[1]: Detected architecture x86-64.

Welcome to [1mUbuntu 18.04.6 LTS[0m!

[    6.178833] systemd[1]: Set hostname to <ubuntu-bionic>.
[    6.357788] systemd[1]: Set up automount Arbitrary Executable File Formats File System Automount Point.
[[0;32m  OK  [0m] Set up automount Arbitrary Executabâ€¦rmats File System Automount Point.
[    6.359453] systemd[1]: Reached target Swap.
[[0;32m  OK  [0m] Reached target Swap.
[    6.360290] systemd[1]: Reached target User and Group Name Lookups.
[[0;32m  OK  [0m] Reached target User and Group Name Lookups.
[    6.362271] systemd[1]: Created slice User and Session Slice.
[[0;32m  OK  [0m] Created slice User and Session Slice.
[    6.363490] systemd[1]: Created slice System Slice.
[[0;32m  OK  [0m] Created slice System Slice.
[    6.364459] systemd[1]: Listening on Network Service Netlink Socket.
[[0;32m  OK  [0m] Listening on Network Service Netlink Socket.
[[0;32m  OK  [0m] Created slice system-serial\x2dgetty.slice.
[[0;32m  OK  [0m] Listening on Journal Socket (/dev/log).
[[0;32m  OK  [0m] Listening on Journal Socket.
         Starting Uncomplicated firewall...
         Starting Load Kernel Modules...
[[0;32m  OK  [0m] Listening on udev Control Socket.
         Mounting POSIX Message Queue File System...
[[0;32m  OK  [0m] Listening on Device-mapper event daemon FIFOs.
         Mounting Kernel Debug File System...
[[0;32m  OK  [0m] Listening on /dev/initctl Compatibility Named Pipe.
[[0;32m  OK  [0m] Listening on LVM2 metadata daemon socket.
         Starting Monitoring of LVM2 mirrorsâ€¦ng dmeventd or progress polling...
[[0;32m  OK  [0m] Listening on fsck to fsckd communication Socket.
         Starting File System Check on Root Device...
[[0;32m  OK  [0m] Started Forward Password Requests to Wall Directory Watch.
[    6.382043] Loading iSCSI transport class v2.0-870.
[    6.386519] iscsi: registered transport (tcp)
[    6.397832] iscsi: registered transport (iser)
         Starting Set the console keyboard layout...
         Mounting Huge Pages File System...
[[0;32m  OK  [0m] Listening on Syslog Socket.
[[0;32m  OK  [0m] Listening on Journal Audit Socket.
         Starting Journal Service...
[[0;32m  OK  [0m] Reached target Slices.
[[0;32m  OK  [0m] Listening on udev Kernel Socket.
         Starting udev Coldplug all Devices...
         Starting Create list of required stâ€¦ce nodes for the current kernel...
[[0;32m  OK  [0m] Listening on LVM2 poll daemon socket.
[[0;32m  OK  [0m] Reached target System Time Synchronized.
[[0;32m  OK  [0m] Started Uncomplicated firewall.
[[0;32m  OK  [0m] Started Load Kernel Modules.
[[0;32m  OK  [0m] Started LVM2 metadata daemon.
[[0;32m  OK  [0m] Started File System Check Daemon to report status.
         Mounting FUSE Control File System...
         Mounting Kernel Configuration File System...
         Starting Apply Kernel Variables...
[[0;32m  OK  [0m] Mounted POSIX Message Queue File System.
[[0;32m  OK  [0m] Mounted Kernel Debug File System.
[[0;32m  OK  [0m] Mounted Huge Pages File System.
[[0;32m  OK  [0m] Mounted FUSE Control File System.
[[0;32m  OK  [0m] Mounted Kernel Configuration File System.
[[0;32m  OK  [0m] Started Journal Service.
[[0;32m  OK  [0m] Started Create list of required staâ€¦vice nodes for the current kernel.
         Starting Create Static Device Nodes in /dev...
[[0;32m  OK  [0m] Started udev Coldplug all Devices.
[[0;32m  OK  [0m] Started File System Check on Root Device.
         Starting Remount Root and Kernel File Systems...
[[0;32m  OK  [0m] Started Create Static Device Nodes in /dev.
[[0;32m  OK  [0m] Started Monitoring of LVM2 mirrors,â€¦sing dmeventd or progress polling.
[[0;32m  OK  [0m] Started Apply Kernel Variables.
[[0;32m  OK  [0m] Started Remount Root and Kernel File Systems.
         Starting Flush Journal to Persistent Storage...
         Starting udev Kernel Device Manager...
         Starting Load/Save Random Seed...
[[0;32m  OK  [0m] Started Load/Save Random Seed.
[[0;32m  OK  [0m] Started udev Kernel Device Manager.
[[0;32m  OK  [0m] Started Set the console keyboard layout.
[[0;32m  OK  [0m] Reached target Local File Systems (Pre).
[[0;32m  OK  [0m] Reached target Local File Systems.
         Starting ebtables ruleset management...
         Starting Set console font and keymap...
         Starting AppArmor initialization...
         Starting Tell Plymouth To Write Out Runtime Data...
[[0;32m  OK  [0m] Started Dispatch Password Requests to Console Directory Watch.
[[0;32m  OK  [0m] Reached target Local Encrypted Volumes.
[[0;32m  OK  [0m] Started Set console font and keymap.
[[0;32m  OK  [0m] Started Flush Journal to Persistent Storage.
         Starting Create Volatile Files and Directories...
[[0;32m  OK  [0m] Started Tell Plymouth To Write Out Runtime Data.
[[0;32m  OK  [0m] Started Create Volatile Files and Directories.
         Starting Update UTMP about System Boot/Shutdown...
[[0;32m  OK  [0m] Started Update UTMP about System Boot/Shutdown.
[[0;32m  OK  [0m] Started ebtables ruleset management.
[[0;32m  OK  [0m] Found device /dev/ttyS0.
[[0;32m  OK  [0m] Started AppArmor initialization.
         Starting Load AppArmor profiles managed internally by snapd...
         Starting Initial cloud-init job (pre-networking)...
[[0;32m  OK  [0m] Started Load AppArmor profiles managed internally by snapd.
[[0;32m  OK  [0m] Listening on Load/Save RF Kill Switch Status /dev/rfkill Watch.
[    7.626549] cloud-init[553]: Cloud-init v. 21.4-0ubuntu1~18.04.1 running 'init-local' at Wed, 26 Jan 2022 23:02:42 +0000. Up 7.50 seconds.
[[0;32m  OK  [0m] Started Initial cloud-init job (pre-networking).
[[0;32m  OK  [0m] Reached target Network (Pre).
         Starting Network Service...
[[0;32m  OK  [0m] Started Network Service.
         Starting Network Name Resolution...
         Starting Wait for Network to be Configured...
[[0;32m  OK  [0m] Started Network Name Resolution.
[[0;32m  OK  [0m] Reached target Network.
[[0;32m  OK  [0m] Reached target Host and Network Name Lookups.
[[0;32m  OK  [0m] Started Wait for Network to be Configured.
         Starting Initial cloud-init job (metadata service crawler)...
[    9.590465] cloud-init[682]: Cloud-init v. 21.4-0ubuntu1~18.04.1 running 'init' at Wed, 26 Jan 2022 23:02:44 +0000. Up 9.50 seconds.
[    9.591535] cloud-init[682]: ci-info: ++++++++++++++++++++++++++++++++++++++Net device info+++++++++++++++++++++++++++++++++++++++
[    9.592971] cloud-init[682]: ci-info: +--------+------+-----------------------------+---------------+--------+-------------------+
[    9.593871] cloud-init[682]: ci-info: | Device |  Up  |           Address           |      Mask     | Scope  |     Hw-Address    |
[    9.594772] cloud-init[682]: ci-info: +--------+------+-----------------------------+---------------+--------+-------------------+
[    9.595637] cloud-init[682]: ci-info: | enp0s3 | True |          10.0.2.15          | 255.255.255.0 | global | 02:8d:1f:db:13:bf |
[    9.596522] cloud-init[682]: ci-info: | enp0s3 | True |  fe80::8d:1fff:fedb:13bf/64 |       .       |  link  | 02:8d:1f:db:13:bf |
[    9.597396] cloud-init[682]: ci-info: | enp0s8 | True |         192.168.50.8        | 255.255.255.0 | global | 08:00:27:af:38:4e |
[    9.598290] cloud-init[682]: ci-info: | enp0s8 | True | fe80::a00:27ff:feaf:384e/64 |       .       |  link  | 08:00:27:af:38:4e |
[    9.599187] cloud-init[682]: ci-info: |   lo   | True |          127.0.0.1          |   255.0.0.0   |  host  |         .         |
[    9.600065] cloud-init[682]: ci-info: |   lo   | True |           ::1/128           |       .       |  host  |         .         |
[    9.600961] cloud-init[682]: ci-info: +--------+------+-----------------------------+---------------+--------+-------------------+
[    9.601884] cloud-init[682]: ci-info: +++++++++++++++++++++++++++++Route IPv4 info+++++++++++++++++++++++++++++
[    9.602644] cloud-init[682]: ci-info: +-------+--------------+----------+-----------------+-----------+-------+
[    9.603414] cloud-init[682]: ci-info: | Route | Destination  | Gateway  |     Genmask     | Interface | Flags |
[    9.604195] cloud-init[682]: ci-info: +-------+--------------+----------+-----------------+-----------+-------+
[    9.604990] cloud-init[682]: ci-info: |   0   |   0.0.0.0    | 10.0.2.2 |     0.0.0.0     |   enp0s3  |   UG  |
[    9.605769] cloud-init[682]: ci-info: |   1   |   10.0.2.0   | 0.0.0.0  |  255.255.255.0  |   enp0s3  |   U   |
[    9.616202] cloud-init[682]: ci-info: |   2   |   10.0.2.2   | 0.0.0.0  | 255.255.255.255 |   enp0s3  |   UH  |
[    9.616982] cloud-init[682]: ci-info: |   3   | 192.168.50.0 | 0.0.0.0  |  255.255.255.0  |   enp0s8  |   U   |
[    9.617592] cloud-init[682]: ci-info: +-------+--------------+----------+-----------------+-----------+-------+
[    9.618174] cloud-init[682]: ci-info: +++++++++++++++++++Route IPv6 info+++++++++++++++++++
[    9.618670] cloud-init[682]: ci-info: +-------+-------------+---------+-----------+-------+
[    9.619167] cloud-init[682]: ci-info: | Route | Destination | Gateway | Interface | Flags |
[    9.619655] cloud-init[682]: ci-info: +-------+-------------+---------+-----------+-------+
[    9.620170] cloud-init[682]: ci-info: |   1   |  fe80::/64  |    ::   |   enp0s3  |   U   |
[    9.620663] cloud-init[682]: ci-info: |   2   |  fe80::/64  |    ::   |   enp0s8  |   U   |
[    9.621174] cloud-init[682]: ci-info: |   4   |    local    |    ::   |   enp0s3  |   U   |
[    9.621676] cloud-init[682]: ci-info: |   5   |    local    |    ::   |   enp0s8  |   U   |
[    9.622206] cloud-init[682]: ci-info: |   6   |   ff00::/8  |    ::   |   enp0s3  |   U   |
[    9.622691] cloud-init[682]: ci-info: |   7   |   ff00::/8  |    ::   |   enp0s8  |   U   |
[    9.623228] cloud-init[682]: ci-info: +-------+-------------+---------+-----------+-------+
[[0;32m  OK  [0m] Started Initial cloud-init job (metadata service crawler).
[[0;32m  OK  [0m] Reached target Cloud-config availability.
[[0;32m  OK  [0m] Reached target Network is Online.
[[0;32m  OK  [0m] Reached target Remote File Systems (Pre).
[[0;32m  OK  [0m] Reached target Remote File Systems.
         Starting Availability of block devices...
[[0;32m  OK  [0m] Reached target System Initialization.
[[0;32m  OK  [0m] Listening on ACPID Listen Socket.
[[0;32m  OK  [0m] Started Daily apt download activities.
         Starting Socket activation for snappy daemon.
[[0;32m  OK  [0m] Listening on D-Bus System Message Bus Socket.
[[0;32m  OK  [0m] Started Message of the Day.
[[0;32m  OK  [0m] Started Ubuntu Advantage Timer for running repeated jobs.
[[0;32m  OK  [0m] Started ACPI Events Check.
[[0;32m  OK  [0m] Listening on cloud-init hotplug hook socket.
[[0;32m  OK  [0m] Listening on Open-iSCSI iscsid Socket.
[[0;32m  OK  [0m] Started Daily apt upgrade and clean activities.
[[0;32m  OK  [0m] Started Daily Cleanup of Temporary Directories.
[[0;32m  OK  [0m] Started Trigger to poll for Ubuntu â€¦(Only enabled on GCP LTS non-pro).
[[0;32m  OK  [0m] Reached target Paths.
[[0;32m  OK  [0m] Started Discard unused blocks once a week.
[[0;32m  OK  [0m] Reached target Timers.
[[0;32m  OK  [0m] Listening on UUID daemon activation socket.
         Starting LXD - unix socket.
[[0;32m  OK  [0m] Listening on Socket activation for snappy daemon.
[[0;32m  OK  [0m] Listening on LXD - unix socket.
[[0;32m  OK  [0m] Reached target Sockets.
[[0;32m  OK  [0m] Reached target Basic System.
         Starting Accounts Service...
         Starting Permit User Sessions...
         Starting Login Service...
[[0;32m  OK  [0m] Started Regular background program processing daemon.
[[0;32m  OK  [0m] Started irqbalance daemon.
[[0;32m  OK  [0m] Started Deferred execution scheduler.
[[0;32m  OK  [0m] Started D-Bus System Message Bus.
         Starting LSB: automatic crash report generation...
[[0;32m  OK  [0m] Started FUSE filesystem for LXC.
         Starting System Logging Service...
         Starting Dispatcher daemon for systemd-networkd...
         Starting OpenBSD Secure Shell server...
         Starting Virtualbox guest utils...
         Starting Snap Daemon...
         Starting LSB: Record successful boot for GRUB...
         Starting LXD - container startup/shutdown...
[[0;32m  OK  [0m] Started Availability of block devices.
[[0;32m  OK  [0m] Started Permit User Sessions.
[[0;32m  OK  [0m] Started Login Service.
[[0;32m  OK  [0m] Started Unattended Upgrades Shutdown.
         Starting Terminate Plymouth Boot Screen...
         Starting Hold until boot process finishes up...
[[0;32m  OK  [0m] Started Hold until boot process finishes up.
         Starting Set console scheme...
[[0;32m  OK  [0m] Started Serial Getty on ttyS0.
[[0;32m  OK  [0m] Started System Logging Service.
[[0;32m  OK  [0m] Started Terminate Plymouth Boot Screen.
[[0;32m  OK  [0m] Started Set console scheme.
[[0;32m  OK  [0m] Created slice system-getty.slice.
[[0;32m  OK  [0m] Started Getty on tty1.
[[0;32m  OK  [0m] Reached target Login Prompts.
         Starting Authorization Manager...
[[0;32m  OK  [0m] Started OpenBSD Secure Shell server.
[[0;32m  OK  [0m] Started LSB: automatic crash report generation.
[[0;32m  OK  [0m] Started Authorization Manager.
[[0;32m  OK  [0m] Started Accounts Service.
[[0;32m  OK  [0m] Started LXD - container startup/shutdown.
[[0;32m  OK  [0m] Started LSB: Record successful boot for GRUB.
[[0;32m  OK  [0m] Started Virtualbox guest utils.
[[0;32m  OK  [0m] Started Dispatcher daemon for systemd-networkd.
[[0;32m  OK  [0m] Started Snap Daemon.
         Starting Wait until snapd is fully seeded...
[[0;32m  OK  [0m] Started Wait until snapd is fully seeded.
[[0;32m  OK  [0m] Reached target Multi-User System.
[[0;32m  OK  [0m] Reached target Graphical Interface.
         Starting Update UTMP about System Runlevel Changes...
         Starting Apply the settings specified in cloud-config...
[[0;32m  OK  [0m] Started Update UTMP about System Runlevel Changes.
[   10.700228] cloud-init[1063]: Cloud-init v. 21.4-0ubuntu1~18.04.1 running 'modules:config' at Wed, 26 Jan 2022 23:02:45 +0000. Up 10.64 seconds.
[[0;32m  OK  [0m] Started Apply the settings specified in cloud-config.
         Starting Execute cloud user/final scripts...
[   11.004790] cloud-init[1107]: Cloud-init v. 21.4-0ubuntu1~18.04.1 running 'modules:final' at Wed, 26 Jan 2022 23:02:45 +0000. Up 10.94 seconds.
[   11.005797] cloud-init[1107]: Cloud-init v. 21.4-0ubuntu1~18.04.1 finished at Wed, 26 Jan 2022 23:02:45 +0000. Datasource DataSourceNoCloud [seed=/dev/sdb][dsmode=net].  Up 11.00 seconds
[[0;32m  OK  [0m] Started Execute cloud user/final scripts.
[[0;32m  OK  [0m] Reached target Cloud-init target.

Ubuntu 18.04.6 LTS ubuntu-bionic ttyS0

ubuntu-bionic login:                                                                                                      Stopping Authorization Manager...
[[0;32m  OK  [0m] Closed Load/Save RF Kill Switch Status /dev/rfkill Watch.
[[0;32m  OK  [0m] Stopped target Cloud-init target.
         Stopping User Manager for UID 1000...
         Stopping Availability of block devices...
         Stopping Session 7 of user vagrant.
[[0;32m  OK  [0m] Stopped target Graphical Interface.
[[0;32m  OK  [0m] Stopped target Timers.
[[0;32m  OK  [0m] Stopped Ubuntu Advantage Timer for running repeated jobs.
[[0;32m  OK  [0m] Stopped Message of the Day.
[[0;32m  OK  [0m] Stopped Daily Cleanup of Temporary Directories.
[[0;32m  OK  [0m] Stopped Discard unused blocks once a week.
[[0;32m  OK  [0m] Stopped Execute cloud user/final scripts.
[[0;32m  OK  [0m] Stopped Apply the settings specified in cloud-config.
[[0;32m  OK  [0m] Stopped target Network is Online.
[[0;32m  OK  [0m] Stopped target Multi-User System.
         Stopping OpenBSD Secure Shell server...
         Stopping Regular background program processing daemon...
         Stopping Deferred execution scheduler...
         Stopping MySQL Community Server...
         Stopping System Logging Service...
         Stopping Virtualbox guest utils...
[[0;32m  OK  [0m] Stopped target Login Prompts.
         Stopping Getty on tty1.         Stopping Serial Getty on ttyS0...
         Stopping D-Bus System Message Bus...
         Stopping LSB: automatic crash report generation...
         Stopping FUSE filesystem for LXC...
[[0;32m  OK  [0m] Stopped Wait until snapd is fully seeded.
         Stopping LSB: Record successful boot for GRUB...
         Stopping Dispatcher daemon for systemd-networkd...
         Stopping LXD - container startup/shutdown...
         Stopping Accounts Service...
[[0;32m  OK  [0m] Stopped target Cloud-config availability.
         Stopping irqbalance daemon...
[[0;32m  OK  [0m] Stopped target Host and Network Name Lookups.
[[0;32m  OK  [0m] Stopped Daily apt upgrade and clean activities.
[[0;32m  OK  [0m] Stopped Daily apt download activities.
[[0;32m  OK  [0m] Stopped target System Time Synchronized.
[[0;32m  OK  [0m] Unmounted /var/lib/lxcfs.
[[0;32m  OK  [0m] Stopped irqbalance daemon.
[[0;32m  OK  [0m] Stopped Dispatcher daemon for systemd-networkd.
[[0;32m  OK  [0m] Stopped Regular background program processing daemon.
[[0;32m  OK  [0m] Stopped System Logging Service.
[[0;32m  OK  [0m] Stopped Accounts Service.
[[0;32m  OK  [0m] Stopped Deferred execution scheduler.
[[0;32m  OK  [0m] Stopped Serial Getty on ttyS0.
[[0;32m  OK  [0m] Stopped OpenBSD Secure Shell server.
[[0;32m  OK  [0m] Stopped Getty on tty1.
[[0;32m  OK  [0m] Stopped Authorization Manager.
[[0;32m  OK  [0m] Stopped User Manager for UID 1000.
[[0;32m  OK  [0m] Stopped D-Bus System Message Bus.
[[0;32m  OK  [0m] Stopped FUSE filesystem for LXC.
[[0;32m  OK  [0m] Stopped Session 7 of user vagrant.
[[0;32m  OK  [0m] Stopped Availability of block devices.
[[0;32m  OK  [0m] Stopped LXD - container startup/shutdown.
[[0;32m  OK  [0m] Removed slice User Slice of vagrant.
         Stopping Login Service...
[[0;32m  OK  [0m] Removed slice system-getty.slice.
         Stopping Permit User Sessions...
[[0;32m  OK  [0m] Removed slice system-serial\x2dgetty.slice.
[[0;32m  OK  [0m] Stopped LSB: Record successful boot for GRUB.
[[0;32m  OK  [0m] Stopped Permit User Sessions.
[[0;32m  OK  [0m] Stopped LSB: automatic crash report generation.
[[0;32m  OK  [0m] Stopped Virtualbox guest utils.
[[0;32m  OK  [0m] Stopped target Remote File Systems.
[[0;32m  OK  [0m] Stopped target Remote File Systems (Pre).
[[0;32m  OK  [0m] Stopped Login Service.
[[0;32m  OK  [0m] Stopped target User and Group Name Lookups.
[[0;32m  OK  [0m] Stopped MySQL Community Server.
[[0;32m  OK  [0m] Stopped target Basic System.
[[0;32m  OK  [0m] Stopped target Sockets.
[[0;32m  OK  [0m] Closed cloud-init hotplug hook socket.
[[0;32m  OK  [0m] Closed ACPID Listen Socket.
[[0;32m  OK  [0m] Closed UUID daemon activation socket.
[[0;32m  OK  [0m] Closed Syslog Socket.
[[0;32m  OK  [0m] Closed D-Bus System Message Bus Socket.
[[0;32m  OK  [0m] Closed Socket activation for snappy daemon.
[[0;32m  OK  [0m] Closed Open-iSCSI iscsid Socket.
[[0;32m  OK  [0m] Closed LXD - unix socket.
[[0;32m  OK  [0m] Stopped target Slices.
[[0;32m  OK  [0m] Removed slice User and Session Slice.
[[0;32m  OK  [0m] Stopped target Paths.
[[0;32m  OK  [0m] Stopped ACPI Events Check.
[[0;32m  OK  [0m] Stopped Trigger to poll for Ubuntu â€¦(Only enabled on GCP LTS non-pro).
[[0;32m  OK  [0m] Stopped target System Initialization.
         Stopping Update UTMP about System Boot/Shutdown...
[[0;32m  OK  [0m] Stopped target Local Encrypted Volumes.
[[0;32m  OK  [0m] Stopped Dispatch Password Requests to Console Directory Watch.
[[0;32m  OK  [0m] Stopped Forward Password Requests to Wall Directory Watch.
         Stopping Load/Save Random Seed...
[[0;32m  OK  [0m] Stopped Initial cloud-init job (metadata service crawler).
[[0;32m  OK  [0m] Stopped target Network.
         Stopping Network Name Resolution...
[[0;32m  OK  [0m] Stopped Update UTMP about System Boot/Shutdown.
[[0;32m  OK  [0m] Stopped Load/Save Random Seed.
[[0;32m  OK  [0m] Stopped Network Name Resolution.
         Stopping Network Service...
[[0;32m  OK  [0m] Stopped Create Volatile Files and Directories.
[[0;32m  OK  [0m] Stopped target Local File Systems.
         Unmounting /run/user/1000...
         Unmounting /configs...
[[0;32m  OK  [0m] Unmounted /configs.
[[0;32m  OK  [0m] Unmounted /run/user/1000.
[[0;32m  OK  [0m] Reached target Unmount All Filesystems.
[[0;32m  OK  [0m] Stopped target Swap.
[[0;32m  OK  [0m] Stopped target Local File Systems (Pre).
         Stopping Monitoring of LVM2 mirrorsâ€¦ng dmeventd or progress polling...
[[0;32m  OK  [0m] Stopped Create Static Device Nodes in /dev.
[[0;32m  OK  [0m] Stopped Monitoring of LVM2 mirrors,â€¦sing dmeventd or progress polling.
         Stopping LVM2 metadata daemon...
[[0;32m  OK  [0m] Stopped LVM2 metadata daemon.
[[0;32m  OK  [0m] Stopped Network Service.
[[0;32m  OK  [0m] Stopped Apply Kernel Variables.
[[0;32m  OK  [0m] Stopped Load Kernel Modules.
[[0;32m  OK  [0m] Stopped target Network (Pre).
[[0;32m  OK  [0m] Stopped Initial cloud-init job (pre-networking).
[[0;32m  OK  [0m] Stopped Remount Root and Kernel File Systems.
[[0;32m  OK  [0m] Reached target Shutdown.
[[0;32m  OK  [0m] Reached target Final Step.
         Starting Power-Off...
[11762.906737] reboot: Power down
